tosx_water4 = {["version"] = 7, ["dimensions"] = Point( 8, 8 ), ["name"] = "tosx_water4", ["enemy_kills"] = 0, 
["map"] = {{["loc"] = Point( 0, 3 ), ["terrain"] = 1, ["populated"] = 1, ["health_max"] = 4, },
{["loc"] = Point( 1, 1 ), ["terrain"] = 1, ["populated"] = 1, ["health_max"] = 4, },
{["loc"] = Point( 1, 5 ), ["terrain"] = 1, ["populated"] = 1, ["health_max"] = 4, },
{["loc"] = Point( 1, 6 ), ["terrain"] = 1, ["populated"] = 1, ["health_max"] = 4, },
{["loc"] = Point( 2, 1 ), ["terrain"] = 1, ["populated"] = 1, ["health_max"] = 4, },
{["loc"] = Point( 2, 3 ), ["terrain"] = 3, },
{["loc"] = Point( 3, 1 ), ["terrain"] = 3, },
{["loc"] = Point( 3, 5 ), ["terrain"] = 1, ["populated"] = 1, ["health_max"] = 4, },
{["loc"] = Point( 3, 6 ), ["terrain"] = 1, ["populated"] = 1, ["health_max"] = 4, },
{["loc"] = Point( 4, 6 ), ["terrain"] = 4, },
{["loc"] = Point( 5, 1 ), ["terrain"] = 3, },
{["loc"] = Point( 5, 6 ), ["terrain"] = 3, },
{["loc"] = Point( 7, 4 ), ["terrain"] = 3, },
},
["spawns"] = {},
["spawn_ids"] = {},
["spawn_points"] = {},
["zones"] = {},
["tags"] = {"tosx_puddles", "tosx_watchtower", "any_sector", },
["blocked_points"] = {},
["blocked_type"] = {},
}
