tosx_race5 = {["version"] = 7, ["dimensions"] = Point( 8, 8 ), ["name"] = "tosx_race5", ["enemy_kills"] = 0, 
["map"] = {{["loc"] = Point( 0, 0 ), ["terrain"] = 4, },
{["loc"] = Point( 0, 1 ), ["terrain"] = 4, },
{["loc"] = Point( 0, 2 ), ["terrain"] = 1, ["populated"] = 1, ["health_max"] = 4, },
{["loc"] = Point( 0, 4 ), ["terrain"] = 0, ["custom"] = "tosx_road_0.png", },
{["loc"] = Point( 0, 5 ), ["terrain"] = 0, ["custom"] = "tosx_road_1.png", },
{["loc"] = Point( 0, 6 ), ["terrain"] = 3, },
{["loc"] = Point( 0, 7 ), ["terrain"] = 3, },
{["loc"] = Point( 1, 0 ), ["terrain"] = 4, },
{["loc"] = Point( 1, 1 ), ["terrain"] = 1, ["populated"] = 1, ["health_max"] = 4, },
{["loc"] = Point( 1, 2 ), ["terrain"] = 1, ["populated"] = 1, ["health_max"] = 4, },
{["loc"] = Point( 1, 4 ), ["terrain"] = 0, ["custom"] = "tosx_road_0.png", },
{["loc"] = Point( 1, 5 ), ["terrain"] = 0, ["custom"] = "tosx_road_1.png", },
{["loc"] = Point( 1, 6 ), ["terrain"] = 4, },
{["loc"] = Point( 1, 7 ), ["terrain"] = 3, },
{["loc"] = Point( 2, 4 ), ["terrain"] = 0, ["custom"] = "tosx_road_0.png", },
{["loc"] = Point( 2, 5 ), ["terrain"] = 0, ["custom"] = "tosx_road_1.png", },
{["loc"] = Point( 2, 7 ), ["terrain"] = 3, },
{["loc"] = Point( 3, 1 ), ["terrain"] = 1, ["populated"] = 1, ["health_max"] = 4, },
{["loc"] = Point( 3, 4 ), ["terrain"] = 0, ["custom"] = "tosx_road_0.png", },
{["loc"] = Point( 3, 5 ), ["terrain"] = 0, ["custom"] = "tosx_road_1.png", },
{["loc"] = Point( 3, 6 ), ["terrain"] = 3, },
{["loc"] = Point( 3, 7 ), ["terrain"] = 3, },
{["loc"] = Point( 4, 1 ), ["terrain"] = 4, },
{["loc"] = Point( 4, 4 ), ["terrain"] = 0, ["custom"] = "tosx_road_0.png", },
{["loc"] = Point( 4, 5 ), ["terrain"] = 0, ["custom"] = "tosx_road_1.png", },
{["loc"] = Point( 4, 6 ), ["terrain"] = 3, },
{["loc"] = Point( 4, 7 ), ["terrain"] = 3, },
{["loc"] = Point( 5, 3 ), ["terrain"] = 1, ["populated"] = 1, ["health_max"] = 4, },
{["loc"] = Point( 5, 4 ), ["terrain"] = 70, ["custom"] = "tosx_road_0.png", },
{["loc"] = Point( 5, 5 ), ["terrain"] = 70, ["custom"] = "tosx_road_1.png", },
{["loc"] = Point( 5, 7 ), ["terrain"] = 3, },
{["loc"] = Point( 6, 0 ), ["terrain"] = 4, },
{["loc"] = Point( 6, 4 ), ["terrain"] = 0, ["custom"] = "tosx_road_0.png", },
{["loc"] = Point( 6, 5 ), ["terrain"] = 0, ["custom"] = "tosx_road_1.png", },
{["loc"] = Point( 7, 0 ), ["terrain"] = 4, },
{["loc"] = Point( 7, 1 ), ["terrain"] = 4, },
{["loc"] = Point( 7, 4 ), ["terrain"] = 0, ["custom"] = "tosx_road_0.png", },
{["loc"] = Point( 7, 5 ), ["terrain"] = 0, ["custom"] = "tosx_road_1.png", },
},
["spawns"] = {},
["spawn_ids"] = {},
["spawn_points"] = {},
["zones"] = {["enemy"] = {Point( 5, 6 ), Point( 6, 6 ), Point( 7, 6 ), Point( 6, 3 ), Point( 7, 3 ), Point( 6, 2 ), Point( 5, 2 ), Point( 7, 2 ), Point( 6, 1 ), Point( 5, 1 ), Point( 4, 3 ), Point( 4, 2 ), },
},
["tags"] = { "any_sector", "tosx_rallyrace", "tosx_watchtower", },
["blocked_points"] = {},
["blocked_type"] = {},
}
