tosx_zapper0 = {["version"] = 7, ["dimensions"] = Point( 8, 8 ), ["name"] = "tosx_zapper0", 
["map"] = {
	{["loc"] = Point( 0, 3 ), ["terrain"] = 0, ["custom"] = "tosx_mission_cableV.png", },
	{["loc"] = Point( 0, 6 ), ["terrain"] = 4, },
	{["loc"] = Point( 0, 7 ), ["terrain"] = 4, },
	{["loc"] = Point( 1, 0 ), ["terrain"] = 4, },
	{["loc"] = Point( 1, 3 ), ["terrain"] = 0, ["custom"] = "tosx_mission_cableV.png", },
	{["loc"] = Point( 1, 6 ), ["terrain"] = 1, ["populated"] = 1, ["health_max"] = 4, },
	{["loc"] = Point( 1, 7 ), ["terrain"] = 4, },
	{["loc"] = Point( 2, 0 ), ["terrain"] = 4, },
	{["loc"] = Point( 2, 1 ), ["terrain"] = 4, },
	{["loc"] = Point( 2, 3 ), ["terrain"] = 0, ["custom"] = "tosx_mission_cableVbreak.png", },
	{["loc"] = Point( 3, 0 ), ["terrain"] = 1, ["populated"] = 1, ["health_max"] = 4, },
	{["loc"] = Point( 3, 1 ), ["terrain"] = 1, ["populated"] = 1, ["health_max"] = 4, },
	{["loc"] = Point( 3, 3 ), ["terrain"] = 0, ["custom"] = "tosx_mission_cable.png", },
	{["loc"] = Point( 3, 6 ), ["terrain"] = 1, ["populated"] = 1, ["health_max"] = 4, },
	{["loc"] = Point( 4, 5 ), ["terrain"] = 3, },
	{["loc"] = Point( 4, 6 ), ["terrain"] = 1, ["populated"] = 1, ["health_max"] = 4, },
	{["loc"] = Point( 5, 0 ), ["terrain"] = 0, ["custom"] = "tosx_mission_cableH.png", },
	{["loc"] = Point( 5, 1 ), ["terrain"] = 0, ["custom"] = "tosx_mission_cableH.png", },
	{["loc"] = Point( 5, 2 ), ["terrain"] = 0, ["custom"] = "tosx_mission_cableHbreak.png", },
	{["loc"] = Point( 5, 3 ), ["terrain"] = 0, ["custom"] = "tosx_mission_cableH.png", },
	{["loc"] = Point( 5, 4 ), ["terrain"] = 0, ["custom"] = "tosx_mission_cableH.png", },
	{["loc"] = Point( 5, 5 ), ["terrain"] = 0, ["custom"] = "tosx_mission_cable.png", },
	{["loc"] = Point( 5, 6 ), ["terrain"] = 1, ["populated"] = 1, ["health_max"] = 4, },
	{["loc"] = Point( 6, 0 ), ["terrain"] = 3, },
	{["loc"] = Point( 7, 0 ), ["terrain"] = 3, },
	{["loc"] = Point( 7, 7 ), ["terrain"] = 4, },
},
["spawns"] = {},
["spawn_ids"] = {},
["spawn_points"] = {},
["zones"] = {
	["tosx_zapper1_zone"] = { Point( 3, 3 ), },
	["tosx_zapper2_zone"] = { Point( 5, 5 ), },
	["tosx_zapwire1_zone"] = { Point( 2, 3 ), },
	["tosx_zapwire2_zone"] = { Point( 5, 2 ), },
},
["tags"] = {"tosx_zapper", "any_sector", },
["blocked_points"] = {},
["blocked_type"] = {},
}