tosx_quake3 = {["version"] = 7, ["dimensions"] = Point( 8, 8 ), ["name"] = "tosx_quake3", ["enemy_kills"] = 0, 
["map"] = {{["loc"] = Point( 0, 0 ), ["terrain"] = 3, },
{["loc"] = Point( 1, 0 ), ["terrain"] = 3, },
{["loc"] = Point( 1, 4 ), ["terrain"] = 1, ["populated"] = 1, ["health_max"] = 4, },
{["loc"] = Point( 1, 5 ), ["terrain"] = 1, ["populated"] = 1, ["health_max"] = 4, },
{["loc"] = Point( 2, 1 ), ["terrain"] = 1, ["populated"] = 1, ["health_max"] = 4, },
{["loc"] = Point( 2, 2 ), ["terrain"] = 1, ["populated"] = 1, ["health_max"] = 4, },
{["loc"] = Point( 3, 6 ), ["terrain"] = 1, ["populated"] = 1, ["health_max"] = 4, },
{["loc"] = Point( 3, 7 ), ["terrain"] = 4, },
{["loc"] = Point( 4, 1 ), ["terrain"] = 1, ["populated"] = 1, ["health_max"] = 4, },
{["loc"] = Point( 4, 6 ), ["terrain"] = 1, ["populated"] = 1, ["health_max"] = 4, },
{["loc"] = Point( 4, 7 ), ["terrain"] = 4, },
{["loc"] = Point( 7, 3 ), ["terrain"] = 3, },
{["loc"] = Point( 7, 4 ), ["terrain"] = 3, },
{["loc"] = Point( 7, 5 ), ["terrain"] = 3, },
{["loc"] = Point( 7, 6 ), ["terrain"] = 4, },
{["loc"] = Point( 7, 7 ), ["terrain"] = 4, },
},
["spawns"] = {},
["spawn_ids"] = {},
["spawn_points"] = {},
["zones"] = {},
["tags"] = { "tosx_quake", },
["blocked_points"] = {},
["blocked_type"] = {},
}
