tosx_meltdown0 = {["version"] = 7, ["dimensions"] = Point( 8, 8 ), ["name"] = "tosx_meltdown0", ["enemy_kills"] = 0, 
["map"] = {{["loc"] = Point( 0, 0 ), ["terrain"] = 4, },
{["loc"] = Point( 0, 3 ), ["terrain"] = 1, ["populated"] = 1, ["health_max"] = 4, },
{["loc"] = Point( 0, 5 ), ["terrain"] = 1, ["populated"] = 1, ["health_max"] = 4, },
{["loc"] = Point( 2, 2 ), ["terrain"] = 1, ["populated"] = 1, ["health_max"] = 4, },
{["loc"] = Point( 2, 5 ), ["terrain"] = 4, },
{["loc"] = Point( 2, 6 ), ["terrain"] = 1, ["populated"] = 1, ["health_max"] = 4, },
{["loc"] = Point( 3, 2 ), ["terrain"] = 1, ["populated"] = 1, ["health_max"] = 4, },
{["loc"] = Point( 3, 5 ), ["terrain"] = 4, },
{["loc"] = Point( 3, 6 ), ["terrain"] = 1, ["populated"] = 1, ["health_max"] = 4, },
{["loc"] = Point( 5, 0 ), ["terrain"] = 4, },
{["loc"] = Point( 5, 1 ), ["terrain"] = 1, ["populated"] = 1, ["health_max"] = 4, },
{["loc"] = Point( 6, 0 ), ["terrain"] = 3, },
{["loc"] = Point( 6, 7 ), ["terrain"] = 4, },
{["loc"] = Point( 7, 0 ), ["terrain"] = 4, },
{["loc"] = Point( 7, 1 ), ["terrain"] = 3, },
{["loc"] = Point( 7, 2 ), ["terrain"] = 3, },
{["loc"] = Point( 7, 6 ), ["terrain"] = 3, },
{["loc"] = Point( 7, 7 ), ["terrain"] = 3, },
},
["spawns"] = {},
["spawn_ids"] = {},
["spawn_points"] = {},
["zones"] = {["reactor"] = {Point( 4, 4 ), Point( 5, 3 ), },
},
["tags"] = {"tosx_crystal", "tosx_meltdown",},
["blocked_points"] = {},
["blocked_type"] = {},
}
