tosx_meltdown2 = {["version"] = 7, ["dimensions"] = Point( 8, 8 ), ["name"] = "tosx_meltdown2", ["enemy_kills"] = 0, 
["map"] = {{["loc"] = Point( 0, 1 ), ["terrain"] = 1, ["populated"] = 1, ["health_max"] = 4, },
{["loc"] = Point( 0, 4 ), ["terrain"] = 4, },
{["loc"] = Point( 0, 5 ), ["terrain"] = 4, },
{["loc"] = Point( 1, 4 ), ["terrain"] = 1, ["populated"] = 1, ["health_max"] = 4, },
{["loc"] = Point( 1, 5 ), ["terrain"] = 1, ["populated"] = 1, ["health_max"] = 4, },
{["loc"] = Point( 2, 1 ), ["terrain"] = 1, ["populated"] = 1, ["health_max"] = 4, },
{["loc"] = Point( 3, 1 ), ["terrain"] = 1, ["populated"] = 1, ["health_max"] = 4, },
{["loc"] = Point( 3, 2 ), ["terrain"] = 3, },
{["loc"] = Point( 3, 3 ), ["terrain"] = 3, },
{["loc"] = Point( 3, 4 ), ["terrain"] = 3, },
{["loc"] = Point( 3, 5 ), ["terrain"] = 4, },
{["loc"] = Point( 4, 1 ), ["terrain"] = 1, ["populated"] = 1, ["health_max"] = 4, },
{["loc"] = Point( 4, 2 ), ["terrain"] = 4, },
{["loc"] = Point( 4, 3 ), ["terrain"] = 3, },
{["loc"] = Point( 4, 4 ), ["terrain"] = 3, },
{["loc"] = Point( 4, 5 ), ["terrain"] = 4, },
{["loc"] = Point( 5, 5 ), ["terrain"] = 1, ["populated"] = 1, ["health_max"] = 4, },
},
["spawns"] = {},
["spawn_ids"] = {},
["spawn_points"] = {},
["zones"] = {["reactor"] = {Point( 5, 3 ), Point( 5, 2 ), Point( 3, 6 ), },
},
["tags"] = {"tosx_crystal", "tosx_meltdown", },
["blocked_points"] = {},
["blocked_type"] = {},
}
