tosx_evac2 = {["version"] = 7, ["dimensions"] = Point( 8, 8 ), ["name"] = "tosx_evac2", ["enemy_kills"] = 0, 
["map"] = {{["loc"] = Point( 0, 0 ), ["terrain"] = 4, },
{["loc"] = Point( 0, 1 ), ["terrain"] = 1, ["populated"] = 1, ["health_max"] = 4, },
{["loc"] = Point( 0, 2 ), ["terrain"] = 4, },
{["loc"] = Point( 0, 5 ), ["terrain"] = 4, },
{["loc"] = Point( 0, 6 ), ["terrain"] = 4, },
{["loc"] = Point( 0, 7 ), ["terrain"] = 4, },
{["loc"] = Point( 1, 5 ), ["terrain"] = 1, ["populated"] = 1, ["health_max"] = 4, },
{["loc"] = Point( 1, 6 ), ["terrain"] = 4, },
{["loc"] = Point( 1, 7 ), ["terrain"] = 1, ["populated"] = 1, ["health_max"] = 4, },
{["loc"] = Point( 2, 1 ), ["terrain"] = 4, },
{["loc"] = Point( 3, 4 ), ["terrain"] = 1, ["populated"] = 1, ["health_max"] = 4, },
{["loc"] = Point( 4, 1 ), ["terrain"] = 4, },
{["loc"] = Point( 4, 2 ), ["terrain"] = 1, ["populated"] = 1, ["health_max"] = 4, },
{["loc"] = Point( 4, 6 ), ["terrain"] = 4, },
{["loc"] = Point( 4, 7 ), ["terrain"] = 4, },
{["loc"] = Point( 5, 1 ), ["terrain"] = 1, ["populated"] = 1, ["health_max"] = 4, },
{["loc"] = Point( 5, 2 ), ["terrain"] = 3, },
{["loc"] = Point( 5, 7 ), ["terrain"] = 4, },
{["loc"] = Point( 6, 1 ), ["terrain"] = 1, ["populated"] = 1, ["health_max"] = 4, },
{["loc"] = Point( 6, 2 ), ["terrain"] = 3, },
{["loc"] = Point( 6, 7 ), ["terrain"] = 4, },
{["loc"] = Point( 7, 4 ), ["terrain"] = 4, },
{["loc"] = Point( 7, 5 ), ["terrain"] = 1, ["populated"] = 1, ["health_max"] = 4, },
{["loc"] = Point( 7, 6 ), ["terrain"] = 4, },
{["loc"] = Point( 7, 7 ), ["terrain"] = 4, },
},
["spawns"] = {},
["spawn_ids"] = {},
["spawn_points"] = {},
["zones"] = {["satellite"] = {Point( 4, 5 ), Point( 3, 5 ), Point( 3, 1 ), Point( 3, 2 ), Point( 4, 4 ), Point( 3, 3 ), Point( 4, 3 ), Point( 3, 6 ), Point( 2, 5 ), Point( 2, 2 ), },
},
["tags"] = {"tosx_crystal", "tosx_evac", },
["blocked_points"] = {},
["blocked_type"] = {},
}
