tosx_meltdown5 = {["version"] = 7, ["dimensions"] = Point( 8, 8 ), ["name"] = "tosx_meltdown5", ["enemy_kills"] = 0, 
["map"] = {{["loc"] = Point( 0, 1 ), ["terrain"] = 4, },
{["loc"] = Point( 0, 2 ), ["terrain"] = 1, ["populated"] = 1, ["health_max"] = 4, },
{["loc"] = Point( 0, 5 ), ["terrain"] = 1, ["populated"] = 1, ["health_max"] = 4, },
{["loc"] = Point( 0, 6 ), ["terrain"] = 4, },
{["loc"] = Point( 0, 7 ), ["terrain"] = 4, },
{["loc"] = Point( 1, 1 ), ["terrain"] = 1, ["populated"] = 1, ["health_max"] = 4, },
{["loc"] = Point( 1, 2 ), ["terrain"] = 1, ["populated"] = 1, ["health_max"] = 4, },
{["loc"] = Point( 1, 5 ), ["terrain"] = 1, ["populated"] = 1, ["health_max"] = 4, },
{["loc"] = Point( 1, 6 ), ["terrain"] = 4, },
{["loc"] = Point( 1, 7 ), ["terrain"] = 4, },
{["loc"] = Point( 2, 5 ), ["terrain"] = 1, ["populated"] = 1, ["health_max"] = 4, },
{["loc"] = Point( 2, 6 ), ["terrain"] = 1, ["populated"] = 1, ["health_max"] = 4, },
{["loc"] = Point( 2, 7 ), ["terrain"] = 4, },
{["loc"] = Point( 3, 0 ), ["terrain"] = 4, },
{["loc"] = Point( 3, 1 ), ["terrain"] = 1, ["populated"] = 1, ["health_max"] = 4, },
{["loc"] = Point( 3, 3 ), ["terrain"] = 0, ["custom"] = "ground_grass.png", },
{["loc"] = Point( 5, 1 ), ["terrain"] = 4, },
{["loc"] = Point( 5, 6 ), ["terrain"] = 4, },
{["loc"] = Point( 6, 6 ), ["terrain"] = 4, },
{["loc"] = Point( 7, 0 ), ["terrain"] = 4, },
},
["spawns"] = {},
["spawn_ids"] = {},
["spawn_points"] = {},
["zones"] = {["reactor"] = {Point( 4, 4 ), Point( 4, 5 ), Point( 4, 3 ), Point( 4, 2 ), },
},
["tags"] = {"tosx_crystal", "tosx_meltdown", },
["blocked_points"] = {},
["blocked_type"] = {},
}
